
testaqualfail.cyc:11: c was declared with type int *@aqual(UNIQUE) but initialized with type int *
  ALIASABLE and UNIQUE are not compatible. ((different alias qualifiers))
testaqualfail.cyc:27: returns value of type int *@aqual(RESTRICTED)`GR14 but requires int *
  @false and @true are not compatible. (different type constructors)
testaqualfail.cyc:33: returns value of type int * but requires int *@aqual(`q)
  @false and @true are not compatible. (different type constructors)
testaqualfail.cyc:41: type mismatch: int *@aqual(UNIQUE) != int *@aqual(ALIASABLE)
  ALIASABLE and UNIQUE are not compatible. ((different alias qualifiers))
testaqualfail.cyc:53: returns value of type int * but requires int *@aqual(UNIQUE)
  @false and @true are not compatible. (different type constructors)
testaqualfail.cyc:64: alias qualifier bounds violated: UNIQUE <> ALIASABLE
testaqualfail.cyc:84: returns value of type struct s3c<UNIQUE> but requires struct s3c<ALIASABLE>
  ALIASABLE and UNIQUE are not compatible. ((different alias qualifiers))
testaqualfail.cyc:92: type mismatch: int *@aqual(`r) != int *@aqual(`q)
  `q and `r are not compatible. ((variable types are not the same))
testaqualfail.cyc:106: type mismatch: int *@aqual(`r) != int *@aqual(`q)
  `q and `r are not compatible. ((variable types are not the same))
testaqualfail.cyc:113: alias qualifier bounds violated: `q <> ALIASABLE
testaqualfail.cyc:121: alias qualifier bounds violated: `q <> ALIASABLE
testaqualfail.cyc:154: cannot alias value of type int *@aqual(UNIQUE)`p to type int *@aqual(REFCNT)`r
testaqualfail.cyc:168: alias qualifier bounds violated: UNIQUE <> ALIASABLE
testaqualfail.cyc:169: alias qualifier bounds violated: UNIQUE <> ALIASABLE
testaqualfail.cyc:190: alias qualifier bounds violated: UNIQUE <> ALIASABLE
testaqualfail.cyc:200: pattern for variable elt dereferences an alias-free-pointer from a non-unique path


COMPILATION FAILED!
